skip 5
skip 7
OCR error: 'NoneType' object has no attribute 'strip'
OCR error: 503 UNAVAILABLE. {'error': {'code': 503, 'message': 'This model is currently experiencing high demand. Spikes in demand are usually temporary. Please try again later.', 'status': 'UNAVAILABLE'}}
OCR error: 'NoneType' object has no attribute 'strip'
OCR error: 'NoneType' object has no attribute 'strip'
OCR error: 503 UNAVAILABLE. {'error': {'code': 503, 'message': 'This model is currently experiencing high demand. Spikes in demand are usually temporary. Please try again later.', 'status': 'UNAVAILABLE'}}
OCR error: 'NoneType' object has no attribute 'strip'
OCR error: 503 UNAVAILABLE. {'error': {'code': 503, 'message': 'This model is currently experiencing high demand. Spikes in demand are usually temporary. Please try again later.', 'status': 'UNAVAILABLE'}}
NER error: 503 UNAVAILABLE. {'error': {'code': 503, 'message': 'This model is currently experiencing high demand. Spikes in demand are usually temporary. Please try again later.', 'status': 'UNAVAILABLE'}}
NER error: 503 UNAVAILABLE. {'error': {'code': 503, 'message': 'This model is currently experiencing high demand. Spikes in demand are usually temporary. Please try again later.', 'status': 'UNAVAILABLE'}}
NER error: 503 UNAVAILABLE. {'error': {'code': 503, 'message': 'This model is currently experiencing high demand. Spikes in demand are usually temporary. Please try again later.', 'status': 'UNAVAILABLE'}}
NER error: 503 UNAVAILABLE. {'error': {'code': 503, 'message': 'This model is currently experiencing high demand. Spikes in demand are usually temporary. Please try again later.', 'status': 'UNAVAILABLE'}}
NER error: 503 UNAVAILABLE. {'error': {'code': 503, 'message': 'This model is currently experiencing high demand. Spikes in demand are usually temporary. Please try again later.', 'status': 'UNAVAILABLE'}}
seq 8 (IV): 3 blocks, 3096 chars, 1 entities, 634s
seq 9 (V): 3 blocks, 3203 chars, 1 entities, 11s
NER error: 503 UNAVAILABLE. {'error': {'code': 503, 'message': 'This model is currently experiencing high demand. Spikes in demand are usually temporary. Please try again later.', 'status': 'UNAVAILABLE'}}
NER error: 503 UNAVAILABLE. {'error': {'code': 503, 'message': 'This model is currently experiencing high demand. Spikes in demand are usually temporary. Please try again later.', 'status': 'UNAVAILABLE'}}
seq 10 (VI): 4 blocks, 920 chars, 33 entities, 76s
OCR error: 503 UNAVAILABLE. {'error': {'code': 503, 'message': 'This model is currently experiencing high demand. Spikes in demand are usually temporary. Please try again later.', 'status': 'UNAVAILABLE'}}
JSON parse error during OCR: Extra data: line 79 column 1 (char 2711)
seq 11 (VII): 8 blocks, 2000 chars, 1 entities, 55s
NER error: 503 UNAVAILABLE. {'error': {'code': 503, 'message': 'This model is currently experiencing high demand. Spikes in demand are usually temporary. Please try again later.', 'status': 'UNAVAILABLE'}}
seq 12 (VIII): 5 blocks, 1306 chars, 5 entities, 27s
seq 13 (1): 2 blocks, 61 chars, 1 entities, 4s
OCR error: 503 UNAVAILABLE. {'error': {'code': 503, 'message': 'This model is currently experiencing high demand. Spikes in demand are usually temporary. Please try again later.', 'status': 'UNAVAILABLE'}}
JSON parse error during OCR: Extra data: line 77 column 1 (char 4509)
seq 255 (243): 4 blocks, 2816 chars, 49 entities, 60s
OCR error: 'NoneType' object has no attribute 'strip'
OCR error: 'NoneType' object has no attribute 'strip'
OCR error: 'NoneType' object has no attribute 'strip'
OCR error: 503 UNAVAILABLE. {'error': {'code': 503, 'message': 'This model is currently experiencing high demand. Spikes in demand are usually temporary. Please try again later.', 'status': 'UNAVAILABLE'}}
OCR error: 'NoneType' object has no attribute 'strip'
OCR error: 'NoneType' object has no attribute 'strip'
OCR error: 'NoneType' object has no attribute 'strip'
OCR error: 'NoneType' object has no attribute 'strip'
seq 539: OCR failed after retries
OCR error: 'NoneType' object has no attribute 'strip'
OCR error: 503 UNAVAILABLE. {'error': {'code': 503, 'message': 'This model is currently experiencing high demand. Spikes in demand are usually temporary. Please try again later.', 'status': 'UNAVAILABLE'}}
OCR error: 'NoneType' object has no attribute 'strip'
OCR error: 'NoneType' object has no attribute 'strip'
OCR error: 'NoneType' object has no attribute 'strip'
OCR error: 503 UNAVAILABLE. {'error': {'code': 503, 'message': 'This model is currently experiencing high demand. Spikes in demand are usually temporary. Please try again later.', 'status': 'UNAVAILABLE'}}
OCR error: 'NoneType' object has no attribute 'strip'
OCR error: 'NoneType' object has no attribute 'strip'
seq 751: OCR failed after retries
