✓ Initialized. View run at 
https://modal.com/apps/totomail-tp/main/ap-4qIWbea4Lw7aUkvVBlHESC
✓ Created objects.
├── ✓ Uploaded C:\Users\totom\Projects\reuss-edition\tools\lines\modal_lines.py
└── ✓ Created Function process.
787 pages in 197 chunks
Polygonizer failed on line 0: TopologyException: side location conflict at 888.49367088607596 1224.632911392405. This can occur if the input geometry is invalid.
seq 66: 59 lines, segmentation 15 s, reading 3 s
seq 78: 209 lines, segmentation 10 s, reading 5 s
seq 82: 48 lines, segmentation 21 s, reading 1 s
seq 74: 157 lines, segmentation 15 s, reading 5 s
seq 86: 102 lines, segmentation 14 s, reading 4 s
seq 94: 53 lines, segmentation 23 s, reading 2 s
Polygonizer failed on line 0: TopologyException: side location conflict at 215 1462.6666666666667. This can occur if the input geometry is invalid.
seq 70: 99 lines, segmentation 17 s, reading 4 s
seq 90: 53 lines, segmentation 26 s, reading 2 s
Polygonizer failed on line 0: index 0 is out of bounds for axis 0 with size 0
seq 98: 53 lines, segmentation 21 s, reading 4 s
seq 79: 209 lines, segmentation 11 s, reading 5 s
seq 102: 46 lines, segmentation 16 s, reading 3 s
seq 67: 193 lines, segmentation 14 s, reading 6 s
seq 87: 53 lines, segmentation 18 s, reading 2 s
seq 75: 207 lines, segmentation 17 s, reading 6 s
seq 83: 52 lines, segmentation 23 s, reading 1 s
seq 80: 69 lines, segmentation 10 s, reading 2 s
seq 95: 53 lines, segmentation 23 s, reading 1 s
seq 71: 54 lines, segmentation 19 s, reading 3 s
seq 103: 138 lines, segmentation 14 s, reading 5 s
seq 99: 144 lines, segmentation 17 s, reading 7 s
seq 91: 53 lines, segmentation 25 s, reading 2 sseq 68: 198 lines, segmentation 13 s, reading 6 s

seq 76: 138 lines, segmentation 13 s, reading 5 s
seq 88: 53 lines, segmentation 17 s, reading 3 s
seq 81: 132 lines, segmentation 14 s, reading 4 s
4/787 pages; last 81: 132 lines
seq 84: 104 lines, segmentation 20 s, reading 2 s
Polygonizer failed on line 0: TopologyException: side location conflict at 708.33684210526314 422.03157894736842. This can occur if the input geometry is invalid.
seq 69: 105 lines, segmentation 12 s, reading 3 s
Polygonizer failed on line 0: TopologyException: side location conflict at 707.93124999999998 535.00312499999995. This can occur if the input geometry is invalid.
seq 96: 52 lines, segmentation 23 s, reading 1 s
8/787 pages; last 69: 105 lines
seq 72: 200 lines, segmentation 20 s, reading 6 s
seq 100: 79 lines, segmentation 15 s, reading 4 s
seq 104: 168 lines, segmentation 18 s, reading 7 s
seq 106: 146 lines, segmentation 12 s, reading 4 s
seq 92: 52 lines, segmentation 25 s, reading 2 s
seq 89: 53 lines, segmentation 17 s, reading 3 s
12/787 pages; last 89: 53 lines
seq 77: 212 lines, segmentation 17 s, reading 7 s
16/787 pages; last 77: 212 lines
seq 110: 177 lines, segmentation 11 s, reading 5 s
seq 85: 101 lines, segmentation 19 s, reading 2 s
20/787 pages; last 85: 101 lines
seq 101: 52 lines, segmentation 17 s, reading 3 s
24/787 pages; last 101: 52 lines
seq 105: 122 lines, segmentation 11 s, reading 5 s
28/787 pages; last 105: 122 lines
seq 107: 156 lines, segmentation 11 s, reading 4 s
seq 97: 53 lines, segmentation 25 s, reading 1 s
32/787 pages; last 97: 53 lines
seq 73: 188 lines, segmentation 20 s, reading 5 s
36/787 pages; last 73: 188 lines
seq 114: 58 lines, segmentation 14 s, reading 3 s
Polygonizer failed on line 0: index 0 is out of bounds for axis 0 with size 0
seq 111: 196 lines, segmentation 11 s, reading 5 s
seq 118: 65 lines, segmentation 16 s, reading 3 s
seq 93: 50 lines, segmentation 23 s, reading 1 s
40/787 pages; last 93: 50 lines
seq 130: 105 lines, segmentation 11 s, reading 3 s
seq 108: 133 lines, segmentation 11 s, reading 3 s
seq 122: 57 lines, segmentation 22 s, reading 1 s
seq 126: 188 lines, segmentation 16 s, reading 7 s
seq 112: 78 lines, segmentation 11 s, reading 2 s
seq 134: 52 lines, segmentation 22 s, reading 1 s
seq 138: 53 lines, segmentation 20 s, reading 3 s
seq 119: 140 lines, segmentation 14 s, reading 4 s
seq 109: 112 lines, segmentation 9 s, reading 3 s
seq 115: 167 lines, segmentation 17 s, reading 5 s
44/787 pages; last 109: 112 lines
seq 131: 50 lines, segmentation 17 s, reading 2 s
seq 127: 119 lines, segmentation 14 s, reading 5 s
seq 142: 53 lines, segmentation 25 s, reading 2 s
seq 113: 201 lines, segmentation 14 s, reading 5 s
48/787 pages; last 113: 201 lines
seq 123: 203 lines, segmentation 23 s, reading 3 s
seq 146: 53 lines, segmentation 13 s, reading 2 s
seq 116: 78 lines, segmentation 14 s, reading 3 s
seq 139: 51 lines, segmentation 17 s, reading 2 s
seq 135: 52 lines, segmentation 21 s, reading 1 s
seq 132: 47 lines, segmentation 16 s, reading 2 s
seq 120: 200 lines, segmentation 16 s, reading 6 s
seq 147: 52 lines, segmentation 12 s, reading 2 s
seq 150: 50 lines, segmentation 14 s, reading 2 s
seq 128: 200 lines, segmentation 17 s, reading 6 s
seq 117: 130 lines, segmentation 13 s, reading 4 s
52/787 pages; last 117: 130 lines
seq 133: 105 lines, segmentation 13 s, reading 3 s
seq 140: 53 lines, segmentation 17 s, reading 2 s
56/787 pages; last 133: 105 lines
seq 136: 54 lines, segmentation 22 s, reading 1 s
Polygonizer failed on line 0: index 0 is out of bounds for axis 0 with size 0
seq 143: 54 lines, segmentation 28 s, reading 2 s
seq 124: 200 lines, segmentation 25 s, reading 3 s
seq 148: 53 lines, segmentation 13 s, reading 2 s
seq 121: 201 lines, segmentation 18 s, reading 6 s
seq 151: 71 lines, segmentation 12 s, reading 2 s
60/787 pages; last 121: 201 lines
seq 154: 50 lines, segmentation 13 s, reading 2 s
seq 129: 199 lines, segmentation 14 s, reading 6 s
64/787 pages; last 129: 199 lines
seq 158: 54 lines, segmentation 16 s, reading 2 s
seq 141: 54 lines, segmentation 18 s, reading 2 s
68/787 pages; last 141: 54 lines
seq 152: 49 lines, segmentation 12 s, reading 2 s
seq 149: 53 lines, segmentation 14 s, reading 2 s
72/787 pages; last 149: 53 lines
seq 162: 53 lines, segmentation 14 s, reading 2 s
seq 125: 39 lines, segmentation 18 s, reading 1 s
76/787 pages; last 125: 39 lines
seq 137: 53 lines, segmentation 22 s, reading 1 s
80/787 pages; last 137: 53 lines
seq 155: 101 lines, segmentation 11 s, reading 3 s
seq 144: 56 lines, segmentation 25 s, reading 2 s
seq 159: 51 lines, segmentation 12 s, reading 2 s
seq 166: 87 lines, segmentation 14 s, reading 3 s
seq 153: 47 lines, segmentation 11 s, reading 2 s
84/787 pages; last 153: 47 lines
seq 174: 52 lines, segmentation 12 s, reading 2 s
seq 163: 52 lines, segmentation 13 s, reading 2 s
seq 170: 53 lines, segmentation 18 s, reading 3 s
seq 156: 46 lines, segmentation 15 s, reading 2 s
seq 160: 54 lines, segmentation 13 s, reading 2 s
seq 182: 52 lines, segmentation 21 s, reading 1 s
seq 178: 53 lines, segmentation 24 s, reading 1 s
seq 186: 53 lines, segmentation 16 s, reading 2 s
seq 175: 54 lines, segmentation 13 s, reading 2 s
seq 167: 53 lines, segmentation 22 s, reading 3 s
seq 164: 106 lines, segmentation 16 s, reading 3 s
88/787 pages; last 145: 53 lines
seq 145: 53 lines, segmentation 27 s, reading 2 s
seq 171: 51 lines, segmentation 16 s, reading 3 s
seq 157: 51 lines, segmentation 14 s, reading 2 s
seq 161: 53 lines, segmentation 13 s, reading 2 s
92/787 pages; last 157: 51 lines
96/787 pages; last 161: 53 lines
Polygonizer failed on line 0: TopologyException: side location conflict at 936.99881974248922 539.09645922746779. This can occur if the input geometry is invalid.
seq 183: 49 lines, segmentation 20 s, reading 1 s
seq 187: 52 lines, segmentation 16 s, reading 2 s
seq 176: 52 lines, segmentation 13 s, reading 2 s
seq 179: 53 lines, segmentation 25 s, reading 1 s
seq 165: 103 lines, segmentation 15 s, reading 3 s
seq 168: 53 lines, segmentation 18 s, reading 3 s
100/787 pages; last 165: 103 lines
seq 172: 50 lines, segmentation 15 s, reading 3 s
seq 194: 52 lines, segmentation 16 s, reading 2 s
seq 198: 52 lines, segmentation 17 s, reading 2 s
seq 184: 98 lines, segmentation 15 s, reading 2 s
seq 177: 52 lines, segmentation 12 s, reading 2 s
104/787 pages; last 177: 52 lines
seq 190: 53 lines, segmentation 27 s, reading 2 s
seq 188: 53 lines, segmentation 16 s, reading 2 s
seq 180: 92 lines, segmentation 18 s, reading 2 s
seq 173: 48 lines, segmentation 16 s, reading 2 s
108/787 pages; last 173: 48 lines
seq 202: 53 lines, segmentation 18 s, reading 2 s
seq 169: 53 lines, segmentation 18 s, reading 3 s
112/787 pages; last 169: 53 lines
seq 199: 52 lines, segmentation 17 s, reading 2 s
seq 195: 53 lines, segmentation 17 s, reading 2 s
seq 206: 52 lines, segmentation 13 s, reading 2 s
seq 189: 49 lines, segmentation 14 s, reading 2 s
116/787 pages; last 189: 49 lines
seq 185: 114 lines, segmentation 21 s, reading 2 s
120/787 pages; last 185: 114 lines
seq 191: 54 lines, segmentation 25 s, reading 2 s
seq 207: 53 lines, segmentation 12 s, reading 2 s
seq 210: 52 lines, segmentation 17 s, reading 4 s
seq 214: 53 lines, segmentation 19 s, reading 2 s
seq 181: 60 lines, segmentation 23 s, reading 2 s
seq 203: 58 lines, segmentation 17 s, reading 2 s
124/787 pages; last 181: 60 lines
seq 200: 51 lines, segmentation 18 s, reading 2 s
seq 196: 53 lines, segmentation 17 s, reading 2 s
seq 219: 45 lines, segmentation 14 s, reading 2 s
seq 223: 200 lines, segmentation 18 s, reading 4 s
seq 208: 51 lines, segmentation 12 s, reading 2 s
seq 220: 29 lines, segmentation 9 s, reading 1 s
seq 204: 52 lines, segmentation 15 s, reading 2 s
seq 211: 53 lines, segmentation 20 s, reading 3 s
seq 197: 53 lines, segmentation 17 s, reading 2 s
128/787 pages; last 197: 53 lines
seq 216: 53 lines, segmentation 20 s, reading 4 s
Polygonizer failed on line 0: TopologyException: side location conflict at 795.89361702127655 1056.1489361702127. This can occur if the input geometry is invalid.
seq 201: 53 lines, segmentation 20 s, reading 2 s
132/787 pages; last 201: 53 lines
seq 192: 52 lines, segmentation 25 s, reading 2 s
seq 209: 53 lines, segmentation 13 s, reading 2 s
seq 227: 53 lines, segmentation 25 s, reading 1 s
136/787 pages; last 209: 53 lines
seq 224: 145 lines, segmentation 20 s, reading 3 s
seq 205: 55 lines, segmentation 17 s, reading 2 s
140/787 pages; last 205: 55 lines
seq 221: 189 lines, segmentation 16 s, reading 5 s
seq 231: 169 lines, segmentation 12 s, reading 5 s
seq 212: 53 lines, segmentation 18 s, reading 2 s
seq 239: 94 lines, segmentation 11 s, reading 3 s
seq 235: 147 lines, segmentation 14 s, reading 5 s
Polygonizer failed on line 0: TopologyException: side location conflict at 806 857. This can occur if the input geometry is invalid.
seq 217: 53 lines, segmentation 19 s, reading 3 s
seq 193: 55 lines, segmentation 23 s, reading 2 s
144/787 pages; last 193: 55 lines
seq 228: 59 lines, segmentation 22 s, reading 1 s
seq 243: 61 lines, segmentation 15 s, reading 2 s
seq 225: 75 lines, segmentation 20 s, reading 2 s
seq 222: 203 lines, segmentation 15 s, reading 5 s
148/787 pages; last 222: 203 lines
seq 232: 200 lines, segmentation 14 s, reading 6 s
seq 240: 54 lines, segmentation 15 s, reading 2 s
seq 236: 148 lines, segmentation 14 s, reading 5 s
seq 213: 53 lines, segmentation 18 s, reading 3 s
152/787 pages; last 213: 53 lines
seq 218: 52 lines, segmentation 17 s, reading 2 s
156/787 pages; last 218: 52 lines
seq 229: 134 lines, segmentation 18 s, reading 2 s
seq 244: 52 lines, segmentation 17 s, reading 2 s
seq 251: 52 lines, segmentation 15 s, reading 2 s
seq 247: 80 lines, segmentation 22 s, reading 2 s
seq 241: 52 lines, segmentation 13 s, reading 2 s
seq 233: 152 lines, segmentation 12 s, reading 4 s
seq 237: 77 lines, segmentation 15 s, reading 3 sseq 226: 53 lines, segmentation 23 s, reading 1 s

160/787 pages; last 226: 53 lines
seq 255: 67 lines, segmentation 15 s, reading 3 s
seq 242: 64 lines, segmentation 10 s, reading 2 s
seq 259: 71 lines, segmentation 18 s, reading 3 s
164/787 pages; last 242: 64 lines
seq 252: 115 lines, segmentation 13 s, reading 3 s
seq 245: 168 lines, segmentation 17 s, reading 5 s
seq 230: 200 lines, segmentation 22 s, reading 3 s
seq 238: 149 lines, segmentation 14 s, reading 5 s
168/787 pages; last 230: 200 lines
172/787 pages; last 238: 149 lines
seq 234: 200 lines, segmentation 17 s, reading 6 sseq 256: 79 lines, segmentation 15 s, reading 3 s

seq 248: 95 lines, segmentation 23 s, reading 2 s
176/787 pages; last 234: 200 lines
seq 268: 53 lines, segmentation 14 s, reading 2 s
seq 253: 79 lines, segmentation 13 s, reading 3 s
seq 264: 200 lines, segmentation 24 s, reading 4 s
seq 260: 53 lines, segmentation 19 s, reading 3 s
seq 246: 136 lines, segmentation 14 s, reading 6 s
180/787 pages; last 246: 136 lines
seq 276: 53 lines, segmentation 18 s, reading 3 s
seq 257: 53 lines, segmentation 17 s, reading 3 s
seq 280: 53 lines, segmentation 17 s, reading 2 s
Polygonizer failed on line 0: index 0 is out of bounds for axis 0 with size 0
Polygonizer failed on line 0: index 0 is out of bounds for axis 0 with size 0
Polygonizer failed on line 0: index 0 is out of bounds for axis 0 with size 0
seq 269: 53 lines, segmentation 13 s, reading 2 s
seq 272: 152 lines, segmentation 22 s, reading 3 s
seq 254: 51 lines, segmentation 14 s, reading 2 s
184/787 pages; last 254: 51 lines
seq 249: 52 lines, segmentation 25 s, reading 2 s
seq 265: 209 lines, segmentation 21 s, reading 4 s
seq 261: 52 lines, segmentation 18 s, reading 4 s
seq 284: 48 lines, segmentation 17 s, reading 2 s
seq 270: 153 lines, segmentation 11 s, reading 4 s
seq 277: 52 lines, segmentation 17 s, reading 3 s
seq 258: 52 lines, segmentation 15 s, reading 3 s
188/787 pages; last 258: 52 lines
seq 281: 52 lines, segmentation 17 s, reading 2 s
seq 288: 53 lines, segmentation 15 s, reading 2 s
Polygonizer failed on line 0: index 0 is out of bounds for axis 0 with size 0
seq 273: 89 lines, segmentation 23 s, reading 2 s
seq 262: 53 lines, segmentation 19 s, reading 2 s
192/787 pages; last 262: 53 lines
seq 271: 201 lines, segmentation 11 s, reading 5 s
196/787 pages; last 271: 201 lines
seq 285: 52 lines, segmentation 17 s, reading 2 s
seq 266: 211 lines, segmentation 21 s, reading 4 s
200/787 pages; last 250: 53 lines
seq 250: 53 lines, segmentation 27 s, reading 2 s
seq 292: 48 lines, segmentation 15 s, reading 2 s
seq 289: 65 lines, segmentation 13 s, reading 2 s
seq 278: 53 lines, segmentation 20 s, reading 3 s
seq 282: 52 lines, segmentation 17 s, reading 2 s
Polygonizer failed on line 0: TopologyException: side location conflict at 807.45903771131339 636.0416124837451. This can occur if the input geometry is invalid.
Polygonizer failed on line 0: TopologyException: side location conflict at 802.62913907284769 253.18543046357615. This can occur if the input geometry is invalid.
Polygonizer failed on line 0: TopologyException: side location conflict at 590.19463526333004 944.17533529604191. This can occur if the input geometry is invalid.
Polygonizer failed on line 0: TopologyException: side location conflict at 823.89090909090908 557. This can occur if the input geometry is invalid.
Polygonizer failed on line 0: TopologyException: side location conflict at 616.42264433891523 1192.7458135466134. This can occur if the input geometry is invalid.
seq 300: 203 lines, segmentation 9 s, reading 5 s
seq 274: 44 lines, segmentation 20 s, reading 1 s
seq 296: 152 lines, segmentation 12 s, reading 6 s
seq 290: 55 lines, segmentation 15 s, reading 2 s
seq 286: 53 lines, segmentation 19 s, reading 2 s
seq 304: 95 lines, segmentation 17 s, reading 2 s
seq 293: 53 lines, segmentation 17 s, reading 3 s
seq 283: 49 lines, segmentation 17 s, reading 2 s
Polygonizer failed on line 0: TopologyException: side location conflict at 415.63872832369941 713.59031791907512. This can occur if the input geometry is invalid.
204/787 pages; last 283: 49 lines
Polygonizer failed on line 0: TopologyException: side location conflict at 460.00875401225562 249.89670265538371. This can occur if the input geometry is invalid.
seq 279: 53 lines, segmentation 19 s, reading 3 s
208/787 pages; last 279: 53 lines
Polygonizer failed on line 0: TopologyException: side location conflict at 579.75 559. This can occur if the input geometry is invalid.
seq 267: 182 lines, segmentation 22 s, reading 3 s
212/787 pages; last 267: 182 lines
seq 301: 49 lines, segmentation 11 s, reading 2 s
seq 275: 31 lines, segmentation 16 s, reading 1 s
216/787 pages; last 275: 31 lines
seq 297: 146 lines, segmentation 12 s, reading 6 s
seq 291: 64 lines, segmentation 11 s, reading 2 s
220/787 pages; last 291: 64 lines
Polygonizer failed on line 0: TopologyException: side location conflict at 865.98245614035091 467. This can occur if the input geometry is invalid.
seq 287: 53 lines, segmentation 16 s, reading 2 s
224/787 pages; last 287: 53 lines
Polygonizer failed on line 0: index 0 is out of bounds for axis 0 with size 0
Polygonizer failed on line 0: TopologyException: side location conflict at 840.75071633237826 367.62464183381087. This can occur if the input geometry is invalid.
Polygonizer failed on line 0: TopologyException: side location conflict at 833.86459378134407 288.38615847542627. This can occur if the input geometry is invalid.
Polygonizer failed on line 0: TopologyException: side location conflict at 198.34520547945206 877.91232876712331. This can occur if the input geometry is invalid.
seq 294: 52 lines, segmentation 17 s, reading 3 s
Polygonizer failed on line 0: TopologyException: side location conflict at 889.14264813460136 231.68910021945868. This can occur if the input geometry is invalid.
seq 302: 52 lines, segmentation 13 s, reading 2 s
seq 308: 48 lines, segmentation 15 s, reading 3 s
Polygonizer failed on line 0: TopologyException: side location conflict at 822.17833553500657 287.65257595772789. This can occur if the input geometry is invalid.
seq 312: 56 lines, segmentation 17 s, reading 2 s
Polygonizer failed on line 0: TopologyException: side location conflict at 900.27860696517416 1031.4825870646766. This can occur if the input geometry is invalid.
Polygonizer failed on line 0: TopologyException: side location conflict at 197.05369127516778 387.32214765100673. This can occur if the input geometry is invalid.
Polygonizer failed on line 0: TopologyException: side location conflict at 625.58994663453257 636.99604062661388. This can occur if the input geometry is invalid.
seq 316: 87 lines, segmentation 19 s, reading 2 s
seq 305: 52 lines, segmentation 25 s, reading 1 s
Polygonizer failed on line 0: TopologyException: side location conflict at 649.52748885586925 575.21099554234775. This can occur if the input geometry is invalid.
Polygonizer failed on line 0: TopologyException: side location conflict at 644.21052631578948 572.21052631578948. This can occur if the input geometry is invalid.
Polygonizer failed on line 0: TopologyException: side location conflict at 654.85855263157896 1025.1430921052631. This can occur if the input geometry is invalid.
Polygonizer failed on line 0: TopologyException: side location conflict at 588.5 1022.15. This can occur if the input geometry is invalid.
Polygonizer failed on line 0: TopologyException: side location conflict at 367 590.14324693042295. This can occur if the input geometry is invalid.
Polygonizer failed on line 0: TopologyException: side location conflict at 600.15847542627887 744.86860581745236. This can occur if the input geometry is invalid.
seq 303: 32 lines, segmentation 9 s, reading 1 s
seq 324: 53 lines, segmentation 17 s, reading 2 s
228/787 pages; last 303: 32 lines
seq 320: 51 lines, segmentation 22 s, reading 1 s
seq 295: 151 lines, segmentation 11 s, reading 4 s
seq 298: 215 lines, segmentation 18 s, reading 8 s
232/787 pages; last 295: 151 lines
seq 328: 53 lines, segmentation 18 s, reading 2 s
seq 313: 49 lines, segmentation 16 s, reading 2 s
seq 309: 52 lines, segmentation 17 s, reading 2 s
Polygonizer failed on line 0: TopologyException: side location conflict at 814.08483290488437 456.48586118251927. This can occur if the input geometry is invalid.
Polygonizer failed on line 0: TopologyException: side location conflict at 465.96315789473687 1059.9631578947369. This can occur if the input geometry is invalid.
Polygonizer failed on line 0: TopologyException: side location conflict at 473 1058.7620041753653. This can occur if the input geometry is invalid.
Polygonizer failed on line 0: TopologyException: side location conflict at 468 1083. This can occur if the input geometry is invalid.
Polygonizer failed on line 0: TopologyException: side location conflict at 578 888.98490566037731. This can occur if the input geometry is invalid.
seq 332: 53 lines, segmentation 14 s, reading 2 s
seq 317: 54 lines, segmentation 23 s, reading 1 s
seq 325: 53 lines, segmentation 15 s, reading 2 s
seq 306: 94 lines, segmentation 20 s, reading 2 s
Polygonizer failed on line 0: TopologyException: side location conflict at 997.99807692307695 472.09423076923076. This can occur if the input geometry is invalid.
seq 321: 51 lines, segmentation 22 s, reading 1 s
seq 299: 203 lines, segmentation 14 s, reading 6 s
seq 336: 53 lines, segmentation 17 s, reading 3 s
236/787 pages; last 299: 203 lines
seq 314: 53 lines, segmentation 18 s, reading 2 s
seq 310: 50 lines, segmentation 16 s, reading 2 s
seq 329: 53 lines, segmentation 19 s, reading 2 s
seq 333: 52 lines, segmentation 13 s, reading 3 s
Polygonizer failed on line 0: TopologyException: side location conflict at 304.52197802197804 564.80769230769226. This can occur if the input geometry is invalid.
seq 326: 53 lines, segmentation 16 s, reading 2 s
seq 318: 51 lines, segmentation 21 s, reading 1 s
seq 337: 70 lines, segmentation 16 s, reading 3 s
seq 307: 54 lines, segmentation 26 s, reading 2 s
seq 330: 42 lines, segmentation 15 s, reading 2 s
seq 340: 53 lines, segmentation 19 s, reading 3 s
240/787 pages; last 307: 54 lines
seq 315: 52 lines, segmentation 18 s, reading 2 s
244/787 pages; last 315: 52 lines
seq 311: 140 lines, segmentation 16 s, reading 4 s
248/787 pages; last 311: 140 lines
seq 322: 53 lines, segmentation 24 s, reading 1 s
seq 334: 54 lines, segmentation 15 s, reading 2 s
seq 327: 53 lines, segmentation 18 s, reading 2 s
252/787 pages; last 327: 53 lines
seq 319: 52 lines, segmentation 21 s, reading 1 s
256/787 pages; last 319: 52 lines
seq 352: 35 lines, segmentation 12 s, reading 2 s
seq 338: 53 lines, segmentation 18 s, reading 2 s
seq 341: 52 lines, segmentation 17 s, reading 3 s
seq 331: 49 lines, segmentation 18 s, reading 2 s
260/787 pages; last 331: 49 lines
seq 323: 31 lines, segmentation 17 s, reading 1 s
264/787 pages; last 323: 31 lines
seq 348: 51 lines, segmentation 17 s, reading 2 s
seq 335: 53 lines, segmentation 15 s, reading 2 s
268/787 pages; last 335: 53 lines
Polygonizer failed on line 0: index 0 is out of bounds for axis 0 with size 0
Polygonizer failed on line 0: TopologyException: side location conflict at 321.30645161290323 1355.5645161290322. This can occur if the input geometry is invalid.
Polygonizer failed on line 0: index 0 is out of bounds for axis 0 with size 0
Polygonizer failed on line 0: TopologyException: side location conflict at 77.028585040495472 768.27012863268226. This can occur if the input geometry is invalid.
seq 344: 52 lines, segmentation 26 s, reading 2 s
seq 356: 52 lines, segmentation 16 s, reading 2 s
Polygonizer failed on line 0: TopologyException: side location conflict at 718.71929824561403 199.7485380116959. This can occur if the input geometry is invalid.
Polygonizer failed on line 0: TopologyException: side location conflict at 33.022751895991334 805.65113759479959. This can occur if the input geometry is invalid.
Polygonizer failed on line 0: TopologyException: side location conflict at 615 174.19999999999999. This can occur if the input geometry is invalid.
seq 353: 94 lines, segmentation 14 s, reading 3 s
seq 360: 52 lines, segmentation 22 s, reading 1 s
seq 372: 53 lines, segmentation 14 s, reading 2 s
seq 339: 53 lines, segmentation 17 s, reading 3 s
272/787 pages; last 339: 53 lines
seq 349: 53 lines, segmentation 17 s, reading 2 s
seq 342: 52 lines, segmentation 19 s, reading 3 s
seq 364: 211 lines, segmentation 17 s, reading 6 s
seq 368: 52 lines, segmentation 23 s, reading 1 s
seq 357: 52 lines, segmentation 15 s, reading 2 s
seq 354: 52 lines, segmentation 17 s, reading 2 s
seq 373: 53 lines, segmentation 16 s, reading 3 s
seq 345: 51 lines, segmentation 27 s, reading 2 sseq 376: 127 lines, segmentation 14 s, reading 4 s

seq 350: 52 lines, segmentation 17 s, reading 2 s
seq 361: 53 lines, segmentation 23 s, reading 1 s
seq 343: 68 lines, segmentation 17 s, reading 3 s
276/787 pages; last 343: 68 lines
seq 358: 52 lines, segmentation 15 s, reading 2 s
seq 365: 56 lines, segmentation 20 s, reading 3 s
seq 369: 53 lines, segmentation 23 s, reading 1 s
seq 374: 52 lines, segmentation 13 s, reading 2 s
seq 355: 62 lines, segmentation 17 s, reading 2 s
280/787 pages; last 355: 62 lines
seq 377: 53 lines, segmentation 18 s, reading 3 s
seq 351: 54 lines, segmentation 18 s, reading 2 s
284/787 pages; last 351: 54 lines
Polygonizer failed on line 0: index 0 is out of bounds for axis 0 with size 0
Polygonizer failed on line 0: index 0 is out of bounds for axis 0 with size 0
Polygonizer failed on line 0: TopologyException: side location conflict at 185.76960309777348 266.2265246853824. This can occur if the input geometry is invalid.
seq 359: 52 lines, segmentation 15 s, reading 2 s
288/787 pages; last 359: 52 lines
seq 380: 52 lines, segmentation 18 s, reading 3 s
seq 375: 30 lines, segmentation 9 s, reading 2 s
292/787 pages; last 375: 30 lines
seq 346: 52 lines, segmentation 24 s, reading 1 s
seq 362: 53 lines, segmentation 23 s, reading 1 s
seq 366: 54 lines, segmentation 18 s, reading 3 s
Polygonizer failed on line 0: TopologyException: side location conflict at 1006.9986095310327 356.09568954620147. This can occur if the input geometry is invalid.
Polygonizer failed on line 0: TopologyException: side location conflict at 1006.9988335100742 317.09650053022267. This can occur if the input geometry is invalid.
seq 370: 52 lines, segmentation 24 s, reading 1 s
seq 384: 214 lines, segmentation 16 s, reading 6 s
seq 378: 49 lines, segmentation 18 s, reading 2 s
seq 388: 53 lines, segmentation 19 s, reading 2 s
seq 396: 53 lines, segmentation 14 s, reading 3 s
seq 392: 52 lines, segmentation 16 s, reading 2 s
seq 363: 32 lines, segmentation 16 s, reading 1 s
296/787 pages; last 363: 32 lines
seq 381: 54 lines, segmentation 18 s, reading 3 s
seq 367: 53 lines, segmentation 20 s, reading 2 s
300/787 pages; last 367: 53 lines
seq 347: 51 lines, segmentation 26 s, reading 2 s
304/787 pages; last 347: 51 lines
seq 385: 51 lines, segmentation 18 s, reading 2 s
Polygonizer failed on line 0: index 0 is out of bounds for axis 0 with size 0
Polygonizer failed on line 0: index 0 is out of bounds for axis 0 with size 0
seq 397: 54 lines, segmentation 14 s, reading 3 s
seq 393: 52 lines, segmentation 16 s, reading 2 s
seq 379: 53 lines, segmentation 19 s, reading 3 s
308/787 pages; last 379: 53 lines
seq 371: 53 lines, segmentation 25 s, reading 1 s
312/787 pages; last 371: 53 lines
seq 389: 53 lines, segmentation 21 s, reading 2 s
seq 382: 52 lines, segmentation 18 s, reading 2 s
seq 402: 57 lines, segmentation 21 s, reading 1 s
Polygonizer failed on line 0: TopologyException: side location conflict at 512.09693877551024 1381.2193877551019. This can occur if the input geometry is invalid.
Polygonizer failed on line 0: index 0 is out of bounds for axis 0 with size 0
seq 406: 208 lines, segmentation 15 s, reading 6 s
seq 418: 0 lines, segmentation 11 s, reading 0 s
seq 383: 25 lines, segmentation 10 s, reading 1 s
316/787 pages; last 383: 25 lines
seq 386: 53 lines, segmentation 17 s, reading 2 s
seq 398: 53 lines, segmentation 16 s, reading 2 s
seq 394: 52 lines, segmentation 15 s, reading 2 s
seq 414: 164 lines, segmentation 11 s, reading 5 s
Polygonizer failed on line 0: index 0 is out of bounds for axis 0 with size 0
Polygonizer failed on line 0: index 0 is out of bounds for axis 0 with size 0
Polygonizer failed on line 0: TopologyException: side location conflict at 710.79863481228665 384.59897610921502. This can occur if the input geometry is invalid.
seq 410: 204 lines, segmentation 23 s, reading 4 s
Polygonizer failed on line 0: TopologyException: side location conflict at 880.92980167014616 276.12317327766181. This can occur if the input geometry is invalid.
Polygonizer failed on line 0: TopologyException: side location conflict at 271.23255813953489 1140.0930232558139. This can occur if the input geometry is invalid.
Polygonizer failed on line 0: TopologyException: side location conflict at 497.98154130133827 434.1753576372866. This can occur if the input geometry is invalid.
seq 390: 52 lines, segmentation 18 s, reading 2 s
Polygonizer failed on line 0: TopologyException: side location conflict at 826.99822852081491 1361.9610274579275. This can occur if the input geometry is invalid.
Polygonizer failed on line 0: TopologyException: side location conflict at 179.21522110457391 569.75327386600873. This can occur if the input geometry is invalid.
Polygonizer failed on line 0: TopologyException: side location conflict at 688.25 447.875. This can occur if the input geometry is invalid.
Polygonizer failed on line 0: TopologyException: side location conflict at 526.02068965517242 330.82068965517243. This can occur if the input geometry is invalid.
Polygonizer failed on line 0: TopologyException: side location conflict at 847.06225608622935 652.63036610295489. This can occur if the input geometry is invalid.
Polygonizer failed on line 0: TopologyException: side location conflict at 510 1304.7478991596638. This can occur if the input geometry is invalid.
Polygonizer failed on line 0: TopologyException: side location conflict at 847 405.40637450199205. This can occur if the input geometry is invalid.
seq 403: 52 lines, segmentation 23 s, reading 1 s
Polygonizer failed on line 0: TopologyException: side location conflict at 710.99168053244591 813.3760399334443. This can occur if the input geometry is invalid.
seq 419: 34 lines, segmentation 18 s, reading 1 s
seq 407: 209 lines, segmentation 16 s, reading 6 s
seq 399: 53 lines, segmentation 15 s, reading 2 s
Polygonizer failed on line 0: index 0 is out of bounds for axis 0 with size 0
320/787 pages; last 399: 53 lines
Polygonizer failed on line 0: TopologyException: side location conflict at 287.27083333333331 1004.40625. This can occur if the input geometry is invalid.
seq 395: 53 lines, segmentation 16 s, reading 2 s
324/787 pages; last 395: 53 lines
seq 387: 53 lines, segmentation 18 s, reading 2 s
328/787 pages; last 387: 53 lines
seq 422: 221 lines, segmentation 19 s, reading 6 s
seq 415: 218 lines, segmentation 17 s, reading 7 s
Polygonizer failed on line 0: index 0 is out of bounds for axis 0 with size 0
seq 391: 51 lines, segmentation 18 s, reading 2 s
332/787 pages; last 391: 51 lines
seq 411: 177 lines, segmentation 21 s, reading 3 s
seq 416: 1 lines, segmentation 6 s, reading 0 s
Polygonizer failed on line 0: TopologyException: side location conflict at 820 633.14705882352939. This can occur if the input geometry is invalid.
seq 426: 54 lines, segmentation 13 s, reading 2 s
Polygonizer failed on line 0: TopologyException: side location conflict at 266.79782270606535 750.4245723172628. This can occur if the input geometry is invalid.
Polygonizer failed on line 0: TopologyException: side location conflict at 900.85714285714289 569.42857142857144. This can occur if the input geometry is invalid.
Polygonizer failed on line 0: TopologyException: side location conflict at 894 568. This can occur if the input geometry is invalid.
Polygonizer failed on line 0: TopologyException: side location conflict at 968 914.04278074866306. This can occur if the input geometry is invalid.
Polygonizer failed on line 0: TopologyException: side location conflict at 976 341. This can occur if the input geometry is invalid.
seq 404: 53 lines, segmentation 24 s, reading 1 s
seq 420: 86 lines, segmentation 20 s, reading 2 s
seq 417: 4 lines, segmentation 6 s, reading 0 s
336/787 pages; last 417: 4 lines
seq 430: 52 lines, segmentation 18 s, reading 2 s
seq 434: 52 lines, segmentation 17 s, reading 2 s
seq 408: 207 lines, segmentation 17 s, reading 7 s
seq 438: 53 lines, segmentation 18 s, reading 2 s
seq 427: 52 lines, segmentation 11 s, reading 2 s
Polygonizer failed on line 0: index 0 is out of bounds for axis 0 with size 0
seq 423: 223 lines, segmentation 20 s, reading 6 s
seq 405: 18 lines, segmentation 13 s, reading 1 s
340/787 pages; last 405: 18 lines
Polygonizer failed on line 0: TopologyException: side location conflict at 260.99822069082387 1137.8932414494309. This can occur if the input geometry is invalid.
seq 412: 178 lines, segmentation 21 s, reading 3 s
Polygonizer failed on line 0: index 0 is out of bounds for axis 0 with size 0
Polygonizer failed on line 0: TopologyException: side location conflict at 463.98275166431307 1047.362215049425. This can occur if the input geometry is invalid.
Polygonizer failed on line 0: TopologyException: side location conflict at 702.66157205240177 1338.9606986899564. This can occur if the input geometry is invalid.
Polygonizer failed on line 0: TopologyException: side location conflict at 67.095803183791602 1102.6344428364689. This can occur if the input geometry is invalid.
Polygonizer failed on line 0: TopologyException: side location conflict at 706.4375 1181.125. This can occur if the input geometry is invalid.
Polygonizer failed on line 0: TopologyException: side location conflict at 697 1367.192546583851. This can occur if the input geometry is invalid.
Polygonizer failed on line 0: TopologyException: side location conflict at 463.50520059435365 545.24962852897477. This can occur if the input geometry is invalid.
Polygonizer failed on line 0: TopologyException: side location conflict at 465.5 910. This can occur if the input geometry is invalid.
Polygonizer failed on line 0: TopologyException: side location conflict at 696 1112. This can occur if the input geometry is invalid.
Polygonizer failed on line 0: TopologyException: side location conflict at 466.00041215868112 565.99216898505927. This can occur if the input geometry is invalid.
Polygonizer failed on line 0: TopologyException: side location conflict at 466 569.55555555555554. This can occur if the input geometry is invalid.
Polygonizer failed on line 0: TopologyException: side location conflict at 986.5 317. This can occur if the input geometry is invalid.
Polygonizer failed on line 0: TopologyException: side location conflict at 546.00574208469573 724.91673977191158. This can occur if the input geometry is invalid.
Polygonizer failed on line 0: TopologyException: side location conflict at 914.94295789255341 475.19788425637836. This can occur if the input geometry is invalid.
Polygonizer failed on line 0: TopologyException: side location conflict at 498 358.58011049723757. This can occur if the input geometry is invalid.
Polygonizer failed on line 0: TopologyException: side location conflict at 988 658.49648946840523. This can occur if the input geometry is invalid.
seq 431: 52 lines, segmentation 17 s, reading 2 sseq 435: 52 lines, segmentation 17 s, reading 2 s

seq 442: 119 lines, segmentation 17 s, reading 4 s
seq 409: 200 lines, segmentation 14 s, reading 6 s
344/787 pages; last 409: 200 lines
seq 428: 52 lines, segmentation 13 s, reading 2 s
seq 439: 49 lines, segmentation 17 s, reading 2 s
Polygonizer failed on line 0: TopologyException: side location conflict at 966.73684210526312 537.9473684210526. This can occur if the input geometry is invalid.
seq 421: 225 lines, segmentation 29 s, reading 4 s
348/787 pages; last 421: 225 lines
Polygonizer failed on line 0: TopologyException: side location conflict at 67.002232308951562 1277.9352630404048. This can occur if the input geometry is invalid.
seq 424: 212 lines, segmentation 19 s, reading 6 s
seq 446: 52 lines, segmentation 23 s, reading 1 s
seq 432: 52 lines, segmentation 15 s, reading 2 s
seq 429: 54 lines, segmentation 13 s, reading 2 s
352/787 pages; last 429: 54 lines
seq 436: 53 lines, segmentation 17 s, reading 2 s
seq 443: 52 lines, segmentation 18 s, reading 3 s
seq 450: 65 lines, segmentation 16 s, reading 3 s
seq 413: 204 lines, segmentation 28 s, reading 4 s
356/787 pages; last 413: 204 lines
seq 440: 53 lines, segmentation 17 s, reading 2 s
Polygonizer failed on line 0: TopologyException: side location conflict at 422 1423.9685230024213. This can occur if the input geometry is invalid.
seq 425: 70 lines, segmentation 15 s, reading 3 s
360/787 pages; last 425: 70 lines
seq 454: 51 lines, segmentation 22 s, reading 1 s
seq 458: 53 lines, segmentation 14 s, reading 2 s
seq 433: 54 lines, segmentation 17 s, reading 2 s
364/787 pages; last 433: 54 lines
seq 447: 53 lines, segmentation 24 s, reading 1 s
seq 437: 52 lines, segmentation 18 s, reading 2 s
368/787 pages; last 437: 52 lines
seq 451: 94 lines, segmentation 16 s, reading 3 s
seq 444: 51 lines, segmentation 17 s, reading 2 s
seq 441: 53 lines, segmentation 17 s, reading 2 s
372/787 pages; last 441: 53 lines
seq 459: 53 lines, segmentation 14 s, reading 2 s
seq 462: 51 lines, segmentation 26 s, reading 2 s
seq 466: 53 lines, segmentation 20 s, reading 3 s
seq 470: 52 lines, segmentation 15 s, reading 2 s
seq 474: 52 lines, segmentation 17 s, reading 2 s
seq 452: 53 lines, segmentation 18 s, reading 2 s
seq 455: 54 lines, segmentation 25 s, reading 1 s
seq 445: 53 lines, segmentation 19 s, reading 3 s
376/787 pages; last 445: 53 lines
seq 448: 54 lines, segmentation 23 s, reading 1 s
seq 478: 52 lines, segmentation 17 s, reading 2 s
seq 460: 51 lines, segmentation 13 s, reading 2 s
seq 467: 53 lines, segmentation 19 s, reading 2 s
seq 471: 53 lines, segmentation 17 s, reading 2 s
seq 475: 52 lines, segmentation 17 s, reading 2 s
seq 453: 51 lines, segmentation 18 s, reading 2 s
380/787 pages; last 453: 51 lines
seq 463: 52 lines, segmentation 28 s, reading 2 s
seq 461: 51 lines, segmentation 13 s, reading 2 s
seq 482: 51 lines, segmentation 17 s, reading 2 s
384/787 pages; last 461: 51 lines
seq 479: 53 lines, segmentation 19 s, reading 2 s
seq 456: 53 lines, segmentation 24 s, reading 1 s
388/787 pages; last 449: 53 lines
seq 449: 53 lines, segmentation 22 s, reading 1 s
Polygonizer failed on line 0: TopologyException: side location conflict at 1025.9938684503902 783.28037904124858. This can occur if the input geometry is invalid.
seq 472: 52 lines, segmentation 15 s, reading 2 s
seq 468: 51 lines, segmentation 18 s, reading 2 s
seq 490: 52 lines, segmentation 13 s, reading 2 s
seq 476: 52 lines, segmentation 17 s, reading 2 s
seq 486: 53 lines, segmentation 18 s, reading 2 s
seq 480: 53 lines, segmentation 18 s, reading 2 s
seq 483: 53 lines, segmentation 20 s, reading 2 s
seq 494: 50 lines, segmentation 21 s, reading 1 s
seq 473: 52 lines, segmentation 16 s, reading 2 s
392/787 pages; last 473: 52 lines
seq 457: 53 lines, segmentation 25 s, reading 1 s
396/787 pages; last 457: 53 lines
seq 464: 53 lines, segmentation 30 s, reading 2 s
seq 491: 52 lines, segmentation 13 s, reading 2 s
seq 469: 52 lines, segmentation 18 s, reading 2 s
400/787 pages; last 469: 52 lines
seq 477: 53 lines, segmentation 19 s, reading 2 s
404/787 pages; last 477: 53 lines
seq 487: 53 lines, segmentation 19 s, reading 3 s
seq 481: 53 lines, segmentation 18 s, reading 2 s
408/787 pages; last 481: 53 lines
seq 484: 52 lines, segmentation 18 s, reading 2 s
seq 498: 53 lines, segmentation 16 s, reading 2 s
seq 492: 53 lines, segmentation 14 s, reading 2 s
seq 495: 52 lines, segmentation 23 s, reading 1 s
seq 506: 52 lines, segmentation 18 s, reading 2 s
seq 502: 51 lines, segmentation 22 s, reading 1 s
seq 510: 53 lines, segmentation 18 s, reading 2 s
seq 465: 53 lines, segmentation 27 s, reading 2 s
412/787 pages; last 465: 53 lines
seq 514: 53 lines, segmentation 19 s, reading 2 s
seq 488: 52 lines, segmentation 19 s, reading 3 s
seq 485: 52 lines, segmentation 18 s, reading 3 s
416/787 pages; last 485: 52 lines
seq 493: 53 lines, segmentation 15 s, reading 2 s
420/787 pages; last 493: 53 lines
seq 499: 52 lines, segmentation 16 s, reading 2 s
seq 507: 53 lines, segmentation 18 s, reading 2 s
seq 496: 52 lines, segmentation 23 s, reading 1 s
seq 511: 50 lines, segmentation 17 s, reading 2 s
seq 503: 52 lines, segmentation 25 s, reading 1 s
seq 526: 52 lines, segmentation 14 s, reading 2 s
seq 500: 51 lines, segmentation 16 s, reading 2 s
seq 515: 53 lines, segmentation 19 s, reading 2 s
seq 489: 53 lines, segmentation 18 s, reading 3 s
424/787 pages; last 489: 53 lines
seq 522: 51 lines, segmentation 17 s, reading 2 s
seq 518: 53 lines, segmentation 27 s, reading 2 s
seq 508: 52 lines, segmentation 18 s, reading 2 s
seq 497: 53 lines, segmentation 23 s, reading 1 s
seq 527: 52 lines, segmentation 13 s, reading 2 s
428/787 pages; last 497: 53 lines
seq 512: 53 lines, segmentation 17 s, reading 2 s
seq 501: 52 lines, segmentation 16 s, reading 2 s
432/787 pages; last 501: 52 lines
seq 516: 53 lines, segmentation 18 s, reading 2 s
seq 530: 53 lines, segmentation 19 s, reading 3 s
seq 523: 53 lines, segmentation 19 s, reading 3 s
seq 504: 52 lines, segmentation 25 s, reading 2 s
seq 528: 53 lines, segmentation 13 s, reading 2 s
seq 509: 52 lines, segmentation 19 s, reading 2 s
436/787 pages; last 509: 52 lines
seq 519: 50 lines, segmentation 28 s, reading 2 s
seq 513: 52 lines, segmentation 17 s, reading 2 s
440/787 pages; last 513: 52 lines
seq 534: 53 lines, segmentation 23 s, reading 1 s
seq 538: 53 lines, segmentation 16 s, reading 2 s
seq 517: 52 lines, segmentation 19 s, reading 2 s
444/787 pages; last 517: 52 lines
seq 524: 53 lines, segmentation 18 s, reading 2 s
seq 529: 53 lines, segmentation 14 s, reading 2 s
448/787 pages; last 529: 53 lines
seq 531: 53 lines, segmentation 22 s, reading 3 s
seq 542: 52 lines, segmentation 17 s, reading 2 s
seq 505: 50 lines, segmentation 25 s, reading 2 s
452/787 pages; last 505: 50 lines
seq 546: 51 lines, segmentation 17 s, reading 2 s
seq 539: 51 lines, segmentation 16 s, reading 2 s
seq 554: 52 lines, segmentation 13 s, reading 2 s
seq 550: 52 lines, segmentation 18 s, reading 3 s
seq 535: 53 lines, segmentation 24 s, reading 1 s
seq 520: 52 lines, segmentation 26 s, reading 2 s
seq 525: 70 lines, segmentation 18 s, reading 3 s
456/787 pages; last 525: 70 lines
seq 532: 52 lines, segmentation 19 s, reading 2 s
seq 543: 52 lines, segmentation 18 s, reading 2 s
seq 540: 53 lines, segmentation 16 s, reading 2 s
seq 555: 52 lines, segmentation 13 s, reading 2 s
seq 547: 54 lines, segmentation 18 s, reading 2 s
seq 558: 52 lines, segmentation 26 s, reading 2 s
seq 551: 52 lines, segmentation 19 s, reading 2 s
seq 562: 53 lines, segmentation 18 s, reading 2 s
seq 536: 53 lines, segmentation 23 s, reading 1 s
seq 544: 53 lines, segmentation 18 s, reading 2 s
seq 533: 52 lines, segmentation 18 s, reading 2 s
460/787 pages; last 533: 52 lines
seq 556: 52 lines, segmentation 12 s, reading 2 s
seq 541: 52 lines, segmentation 16 s, reading 2 s
464/787 pages; last 541: 52 lines
seq 521: 53 lines, segmentation 28 s, reading 2 s
468/787 pages; last 521: 53 lines
seq 548: 51 lines, segmentation 17 s, reading 2 s
seq 552: 52 lines, segmentation 17 s, reading 2 s
seq 559: 52 lines, segmentation 26 s, reading 2 s
seq 557: 52 lines, segmentation 13 s, reading 2 s
472/787 pages; last 557: 52 lines
seq 563: 54 lines, segmentation 18 s, reading 3 s
476/787 pages; last 537: 51 lines
seq 537: 51 lines, segmentation 23 s, reading 1 s
seq 545: 54 lines, segmentation 19 s, reading 3 s
480/787 pages; last 545: 54 lines
seq 566: 53 lines, segmentation 18 s, reading 3 s
seq 570: 52 lines, segmentation 15 s, reading 2 s
seq 549: 53 lines, segmentation 19 s, reading 2 s
484/787 pages; last 549: 53 lines
seq 574: 51 lines, segmentation 25 s, reading 2 s
seq 578: 53 lines, segmentation 13 s, reading 2 s
seq 553: 53 lines, segmentation 18 s, reading 2 s
488/787 pages; last 553: 53 lines
seq 564: 52 lines, segmentation 18 s, reading 2 s
seq 582: 41 lines, segmentation 19 s, reading 1 s
seq 571: 52 lines, segmentation 16 s, reading 2 s
seq 567: 51 lines, segmentation 17 s, reading 2 s
seq 590: 47 lines, segmentation 13 s, reading 2 s
seq 586: 52 lines, segmentation 20 s, reading 4 s
seq 560: 53 lines, segmentation 29 s, reading 2 s
seq 579: 54 lines, segmentation 13 s, reading 2 s
seq 594: 53 lines, segmentation 18 s, reading 2 s
seq 572: 52 lines, segmentation 15 s, reading 2 s
seq 565: 52 lines, segmentation 19 s, reading 2 s
492/787 pages; last 565: 52 lines
seq 575: 52 lines, segmentation 27 s, reading 2 s
seq 587: 50 lines, segmentation 16 s, reading 3 s
seq 568: 53 lines, segmentation 19 s, reading 2 s
seq 580: 52 lines, segmentation 13 s, reading 2 s
seq 591: 53 lines, segmentation 18 s, reading 2 s
seq 583: 53 lines, segmentation 24 s, reading 1 s
seq 581: 20 lines, segmentation 7 s, reading 1 s
496/787 pages; last 581: 20 lines
seq 561: 53 lines, segmentation 27 s, reading 2 s
500/787 pages; last 561: 53 lines
seq 595: 54 lines, segmentation 18 s, reading 2 s
seq 573: 52 lines, segmentation 16 s, reading 2 s
504/787 pages; last 573: 52 lines
Polygonizer failed on line 0: TopologyException: side location conflict at 758.54347826086962 712.054347826087. This can occur if the input geometry is invalid.
Polygonizer failed on line 0: TopologyException: side location conflict at 601 939.88068181818187. This can occur if the input geometry is invalid.
seq 588: 51 lines, segmentation 17 s, reading 3 s
seq 598: 53 lines, segmentation 20 s, reading 3 s
seq 569: 50 lines, segmentation 19 s, reading 2 s
508/787 pages; last 569: 50 lines
seq 592: 53 lines, segmentation 18 s, reading 2 s
seq 576: 52 lines, segmentation 25 s, reading 2 s
seq 602: 52 lines, segmentation 14 s, reading 2 s
seq 584: 212 lines, segmentation 26 s, reading 4 s
seq 596: 54 lines, segmentation 17 s, reading 2 s
seq 610: 53 lines, segmentation 16 s, reading 2 s
512/787 pages; last 589: 53 lines
seq 589: 53 lines, segmentation 16 s, reading 3 s
seq 606: 51 lines, segmentation 26 s, reading 2 s
seq 603: 53 lines, segmentation 11 s, reading 2 s
seq 599: 53 lines, segmentation 19 s, reading 3 s
seq 614: 52 lines, segmentation 18 s, reading 2 s
seq 593: 54 lines, segmentation 20 s, reading 2 s
516/787 pages; last 593: 54 lines
Polygonizer failed on line 0: TopologyException: side location conflict at 446 826.20000000000005. This can occur if the input geometry is invalid.
seq 597: 54 lines, segmentation 18 s, reading 2 s
520/787 pages; last 597: 54 lines
seq 611: 54 lines, segmentation 18 s, reading 2 s
seq 604: 51 lines, segmentation 13 s, reading 2 s
seq 577: 53 lines, segmentation 29 s, reading 2 s
524/787 pages; last 577: 53 lines
seq 585: 201 lines, segmentation 24 s, reading 4 s
528/787 pages; last 585: 201 lines
seq 618: 51 lines, segmentation 18 s, reading 3 s
seq 600: 53 lines, segmentation 18 s, reading 3 s
seq 615: 53 lines, segmentation 19 s, reading 3 s
seq 622: 53 lines, segmentation 19 s, reading 2 s
seq 607: 53 lines, segmentation 26 s, reading 2 s
seq 605: 53 lines, segmentation 13 s, reading 2 s
532/787 pages; last 605: 53 lines
seq 612: 52 lines, segmentation 15 s, reading 2 s
seq 626: 52 lines, segmentation 18 s, reading 2 s
seq 619: 53 lines, segmentation 19 s, reading 3 s
seq 634: 51 lines, segmentation 22 s, reading 1 s
seq 616: 51 lines, segmentation 17 s, reading 2 s
seq 601: 53 lines, segmentation 20 s, reading 3 s
536/787 pages; last 601: 53 lines
seq 630: 53 lines, segmentation 26 s, reading 2 s
seq 623: 51 lines, segmentation 16 s, reading 2 s
seq 638: 52 lines, segmentation 13 s, reading 2 s
seq 613: 53 lines, segmentation 16 s, reading 3 s
540/787 pages; last 613: 53 lines
seq 627: 54 lines, segmentation 19 s, reading 2 s
seq 608: 51 lines, segmentation 26 s, reading 2 s
seq 620: 52 lines, segmentation 19 s, reading 3 s
seq 639: 53 lines, segmentation 14 s, reading 2 s
seq 617: 53 lines, segmentation 19 s, reading 3 s
544/787 pages; last 617: 53 lines
seq 642: 52 lines, segmentation 18 s, reading 2 s
seq 635: 52 lines, segmentation 23 s, reading 1 sseq 624: 53 lines, segmentation 18 s, reading 2 s

seq 646: 53 lines, segmentation 16 s, reading 2 s
seq 628: 52 lines, segmentation 18 s, reading 2 s
seq 631: 52 lines, segmentation 26 s, reading 2 s
seq 640: 52 lines, segmentation 13 s, reading 2 s
seq 621: 52 lines, segmentation 19 s, reading 3 s
548/787 pages; last 621: 52 lines
seq 609: 54 lines, segmentation 30 s, reading 2 s
552/787 pages; last 609: 54 lines
seq 643: 53 lines, segmentation 19 s, reading 3 s
seq 650: 53 lines, segmentation 19 s, reading 2 s
seq 625: 54 lines, segmentation 18 s, reading 3 s
556/787 pages; last 625: 54 lines
seq 647: 53 lines, segmentation 17 s, reading 2 s
seq 636: 53 lines, segmentation 24 s, reading 1 s
seq 641: 52 lines, segmentation 13 s, reading 2 s
560/787 pages; last 641: 52 lines
seq 629: 52 lines, segmentation 19 s, reading 2 s
564/787 pages; last 629: 52 lines
seq 632: 52 lines, segmentation 26 s, reading 2 s
seq 654: 51 lines, segmentation 19 s, reading 2 s
seq 651: 64 lines, segmentation 17 s, reading 3 s
seq 666: 50 lines, segmentation 13 s, reading 2 s
seq 644: 52 lines, segmentation 19 s, reading 3 s
seq 648: 53 lines, segmentation 17 s, reading 2 s
seq 662: 52 lines, segmentation 19 s, reading 2 s
seq 670: 53 lines, segmentation 19 s, reading 2 s
seq 637: 52 lines, segmentation 23 s, reading 1 s
568/787 pages; last 637: 52 lines
seq 658: 52 lines, segmentation 29 s, reading 2 s
seq 667: 52 lines, segmentation 13 s, reading 2 s
seq 655: 53 lines, segmentation 19 s, reading 3 s
seq 649: 53 lines, segmentation 16 s, reading 2 s
572/787 pages; last 649: 53 lines
seq 652: 53 lines, segmentation 19 s, reading 2 s
seq 663: 52 lines, segmentation 17 s, reading 2 s
seq 645: 51 lines, segmentation 18 s, reading 2 s
seq 633: 53 lines, segmentation 26 s, reading 2 s
576/787 pages; last 645: 51 lines
580/787 pages; last 633: 53 lines
seq 671: 52 lines, segmentation 18 s, reading 2 s
Polygonizer failed on line 0: TopologyException: side location conflict at 842.89743589743591 1159.8205128205129. This can occur if the input geometry is invalid.
seq 668: 55 lines, segmentation 11 s, reading 2 s
seq 674: 52 lines, segmentation 23 s, reading 1 s
seq 659: 53 lines, segmentation 27 s, reading 2 s
seq 678: 52 lines, segmentation 16 s, reading 2 s
seq 656: 53 lines, segmentation 20 s, reading 3 s
seq 653: 88 lines, segmentation 16 s, reading 3 s
584/787 pages; last 653: 88 lines
seq 664: 53 lines, segmentation 18 s, reading 2 s
seq 682: 52 lines, segmentation 19 s, reading 3 s
seq 669: 53 lines, segmentation 14 s, reading 2 s
588/787 pages; last 669: 53 lines
seq 672: 53 lines, segmentation 19 s, reading 2 s
seq 686: 53 lines, segmentation 27 s, reading 2 s
seq 679: 52 lines, segmentation 16 s, reading 2 s
seq 675: 54 lines, segmentation 25 s, reading 1 s
seq 657: 52 lines, segmentation 18 s, reading 3 s
592/787 pages; last 657: 52 lines
seq 694: 52 lines, segmentation 13 s, reading 2 s
seq 690: 52 lines, segmentation 18 s, reading 3 s
seq 665: 53 lines, segmentation 19 s, reading 2 s
596/787 pages; last 665: 53 lines
seq 673: 76 lines, segmentation 15 s, reading 3 s
600/787 pages; last 673: 76 lines
seq 683: 53 lines, segmentation 18 s, reading 3 s
seq 660: 52 lines, segmentation 32 s, reading 2 s
seq 680: 53 lines, segmentation 16 s, reading 2 s
seq 695: 53 lines, segmentation 14 s, reading 2 s
seq 687: 51 lines, segmentation 27 s, reading 2 sseq 676: 52 lines, segmentation 22 s, reading 1 s

seq 698: 52 lines, segmentation 19 s, reading 3 s
seq 691: 53 lines, segmentation 19 s, reading 2 s
seq 702: 52 lines, segmentation 18 s, reading 2 s
seq 706: 53 lines, segmentation 19 s, reading 2 s
seq 684: 50 lines, segmentation 18 s, reading 3 s
seq 681: 59 lines, segmentation 13 s, reading 2 s
604/787 pages; last 681: 59 lines
seq 696: 53 lines, segmentation 13 s, reading 2 s
seq 661: 51 lines, segmentation 28 s, reading 2 s
608/787 pages; last 661: 51 lines
seq 699: 52 lines, segmentation 19 s, reading 2 s
seq 677: 52 lines, segmentation 23 s, reading 1 s
612/787 pages; last 677: 52 lines
seq 703: 51 lines, segmentation 17 s, reading 2 s
seq 692: 53 lines, segmentation 20 s, reading 3 s
seq 707: 52 lines, segmentation 19 s, reading 2 s
seq 685: 53 lines, segmentation 19 s, reading 2 s
616/787 pages; last 685: 53 lines
seq 688: 52 lines, segmentation 27 s, reading 2 s
seq 710: 51 lines, segmentation 16 s, reading 2 s
seq 697: 53 lines, segmentation 14 s, reading 2 s
620/787 pages; last 697: 53 lines
seq 704: 51 lines, segmentation 16 s, reading 2 s
seq 726: 52 lines, segmentation 13 s, reading 2 s
seq 718: 46 lines, segmentation 20 s, reading 1 s
seq 700: 53 lines, segmentation 21 s, reading 2 s
seq 708: 53 lines, segmentation 18 s, reading 2 s
seq 693: 52 lines, segmentation 19 s, reading 2 s
seq 714: 50 lines, segmentation 27 s, reading 2 s
624/787 pages; last 693: 52 lines
seq 711: 52 lines, segmentation 18 s, reading 2 s
seq 722: 53 lines, segmentation 21 s, reading 2 s
seq 689: 52 lines, segmentation 25 s, reading 2 s
628/787 pages; last 689: 52 lines
Polygonizer failed on line 0: index -1 is out of bounds for axis 0 with size 0
Polygonizer failed on line 0: index -1 is out of bounds for axis 0 with size 0
Polygonizer failed on line 0: TopologyException: side location conflict at 627 1042. This can occur if the input geometry is invalid.
seq 727: 52 lines, segmentation 13 s, reading 2 s
Polygonizer failed on line 0: TopologyException: side location conflict at 541.93917274939167 838.01216545012164. This can occur if the input geometry is invalid.
seq 701: 51 lines, segmentation 17 s, reading 2 s
632/787 pages; last 701: 51 lines
seq 705: 53 lines, segmentation 19 s, reading 2 s
636/787 pages; last 705: 53 lines
seq 709: 51 lines, segmentation 18 s, reading 2 s
640/787 pages; last 709: 51 lines
seq 730: 53 lines, segmentation 18 s, reading 2 s
seq 712: 52 lines, segmentation 17 s, reading 2 s
seq 723: 53 lines, segmentation 17 s, reading 2 s
seq 719: 210 lines, segmentation 26 s, reading 3 s
seq 728: 53 lines, segmentation 15 s, reading 2 s
seq 715: 53 lines, segmentation 32 s, reading 2 s
seq 738: 50 lines, segmentation 17 s, reading 2 s
Polygonizer failed on line 0: index -1 is out of bounds for axis 0 with size 0
seq 742: 53 lines, segmentation 17 s, reading 2 s
seq 746: 53 lines, segmentation 18 s, reading 2 s
seq 734: 53 lines, segmentation 28 s, reading 2 s
seq 724: 105 lines, segmentation 13 s, reading 3 s
seq 731: 54 lines, segmentation 17 s, reading 2 s
seq 713: 53 lines, segmentation 17 s, reading 2 s
644/787 pages; last 713: 53 lines
Polygonizer failed on line 0: TopologyException: side location conflict at 461 1032.0874316939892. This can occur if the input geometry is invalid.
seq 729: 52 lines, segmentation 13 s, reading 2 s
648/787 pages; last 729: 52 lines
seq 720: 205 lines, segmentation 23 s, reading 3 s
seq 739: 48 lines, segmentation 15 s, reading 2 s
seq 743: 52 lines, segmentation 16 s, reading 2 s
seq 750: 55 lines, segmentation 17 s, reading 2 s
seq 754: 52 lines, segmentation 13 s, reading 2 s
seq 725: 52 lines, segmentation 18 s, reading 3 s
652/787 pages; last 725: 52 lines
seq 747: 53 lines, segmentation 20 s, reading 2 s
seq 716: 52 lines, segmentation 27 s, reading 2 s
seq 732: 52 lines, segmentation 19 s, reading 2 s
seq 740: 31 lines, segmentation 12 s, reading 1 s
seq 735: 52 lines, segmentation 26 s, reading 2 s
seq 741: 26 lines, segmentation 7 s, reading 1 s
656/787 pages; last 741: 26 lines
seq 755: 53 lines, segmentation 13 s, reading 2 s
seq 744: 53 lines, segmentation 17 s, reading 2 s
seq 721: 54 lines, segmentation 24 s, reading 1 s
660/787 pages; last 721: 54 lines
seq 748: 53 lines, segmentation 18 s, reading 2 s
seq 751: 60 lines, segmentation 18 s, reading 2 s
seq 758: 53 lines, segmentation 19 s, reading 3 s
seq 733: 53 lines, segmentation 18 s, reading 3 s
664/787 pages; last 733: 53 lines
seq 717: 38 lines, segmentation 21 s, reading 1 s
668/787 pages; last 717: 38 lines
seq 756: 52 lines, segmentation 13 s, reading 2 s
seq 762: 52 lines, segmentation 18 s, reading 2 s
seq 736: 53 lines, segmentation 26 s, reading 2 sseq 745: 77 lines, segmentation 15 s, reading 3 s

672/787 pages; last 745: 77 lines
Polygonizer failed on line 0: TopologyException: side location conflict at 944.99676470588236 882.09029411764709. This can occur if the input geometry is invalid.
seq 766: 49 lines, segmentation 22 s, reading 1 sseq 752: 51 lines, segmentation 16 s, reading 2 s

seq 749: 52 lines, segmentation 19 s, reading 3 s
676/787 pages; last 749: 52 lines
seq 759: 47 lines, segmentation 16 s, reading 3 s
seq 770: 53 lines, segmentation 19 s, reading 3 s
seq 757: 53 lines, segmentation 13 s, reading 2 s
680/787 pages; last 757: 53 lines
seq 774: 53 lines, segmentation 28 s, reading 2 s
seq 778: 51 lines, segmentation 17 s, reading 2 s
seq 763: 52 lines, segmentation 18 s, reading 2 s
seq 782: 50 lines, segmentation 16 s, reading 2 s
seq 753: 54 lines, segmentation 16 s, reading 2 s
684/787 pages; last 753: 54 lines
seq 737: 50 lines, segmentation 24 s, reading 1 s
688/787 pages; last 737: 50 lines
seq 760: 52 lines, segmentation 19 s, reading 2 s
seq 767: 50 lines, segmentation 22 s, reading 1 s
seq 786: 52 lines, segmentation 13 s, reading 2 s
seq 771: 54 lines, segmentation 21 s, reading 3 s
seq 764: 52 lines, segmentation 18 s, reading 2 s
seq 779: 51 lines, segmentation 18 s, reading 2 s
seq 790: 53 lines, segmentation 16 s, reading 2 sseq 787: 53 lines, segmentation 12 s, reading 2 s

seq 783: 53 lines, segmentation 18 s, reading 2 s
seq 775: 52 lines, segmentation 28 s, reading 2 s
seq 761: 52 lines, segmentation 18 s, reading 3 s
692/787 pages; last 761: 52 lines
Polygonizer failed on line 0: TopologyException: side location conflict at 1030.9966722129784 774.18968386023289. This can occur if the input geometry is invalid.
seq 768: 53 lines, segmentation 23 s, reading 1 s
seq 794: 52 lines, segmentation 26 s, reading 2 s
seq 772: 52 lines, segmentation 21 s, reading 3 s
seq 788: 51 lines, segmentation 13 s, reading 3 s
seq 765: 52 lines, segmentation 18 s, reading 2 s
seq 780: 52 lines, segmentation 17 s, reading 2 s
696/787 pages; last 765: 52 lines
seq 791: 53 lines, segmentation 18 s, reading 2 s
seq 784: 51 lines, segmentation 18 s, reading 2 s
seq 798: 48 lines, segmentation 16 s, reading 2 s
seq 769: 54 lines, segmentation 24 s, reading 1 s
700/787 pages; last 769: 54 lines
seq 789: 53 lines, segmentation 14 s, reading 2 s
seq 776: 52 lines, segmentation 27 s, reading 2 s
704/787 pages; last 789: 53 lines
seq 773: 53 lines, segmentation 18 s, reading 3 s
708/787 pages; last 773: 53 lines
seq 802: 48 lines, segmentation 16 s, reading 2 s
seq 781: 51 lines, segmentation 17 s, reading 2 s
712/787 pages; last 781: 51 lines
seq 792: 50 lines, segmentation 15 s, reading 2 s
seq 785: 53 lines, segmentation 17 s, reading 2 s
716/787 pages; last 785: 53 lines
seq 795: 52 lines, segmentation 26 s, reading 2 s
seq 799: 52 lines, segmentation 18 s, reading 2 s
seq 810: 51 lines, segmentation 12 s, reading 2 s
seq 803: 54 lines, segmentation 19 s, reading 2 s
seq 814: 53 lines, segmentation 19 s, reading 3 s
seq 806: 52 lines, segmentation 23 s, reading 1 s
seq 818: 52 lines, segmentation 18 s, reading 2 s
seq 793: 53 lines, segmentation 17 s, reading 2 s
720/787 pages; last 793: 53 lines
seq 822: 53 lines, segmentation 18 s, reading 2 s
seq 777: 51 lines, segmentation 27 s, reading 2 s
724/787 pages; last 777: 51 lines
seq 811: 52 lines, segmentation 13 s, reading 2 s
seq 800: 53 lines, segmentation 18 s, reading 2 s
seq 796: 52 lines, segmentation 26 s, reading 2 s
seq 804: 51 lines, segmentation 18 s, reading 2 s
seq 826: 53 lines, segmentation 16 s, reading 2 s
seq 819: 53 lines, segmentation 17 s, reading 2 s
seq 812: 51 lines, segmentation 13 s, reading 2 s
seq 815: 52 lines, segmentation 19 s, reading 3 s
seq 823: 52 lines, segmentation 18 s, reading 2 s
seq 807: 52 lines, segmentation 23 s, reading 1 s
seq 801: 54 lines, segmentation 19 s, reading 3 s
728/787 pages; last 801: 54 lines
seq 830: 50 lines, segmentation 27 s, reading 2 s
seq 813: 52 lines, segmentation 13 s, reading 2 s
732/787 pages; last 813: 52 lines
seq 827: 53 lines, segmentation 17 s, reading 2 s
seq 820: 50 lines, segmentation 17 s, reading 2 s
seq 805: 53 lines, segmentation 19 s, reading 2 s
seq 797: 50 lines, segmentation 27 s, reading 2 s
736/787 pages; last 805: 53 lines
740/787 pages; last 797: 50 lines
seq 816: 53 lines, segmentation 19 s, reading 3 s
seq 824: 54 lines, segmentation 21 s, reading 2 s
seq 808: 52 lines, segmentation 23 s, reading 1 s
seq 838: 71 lines, segmentation 9 s, reading 3 s
seq 834: 50 lines, segmentation 17 s, reading 2 s
seq 842: 41 lines, segmentation 11 s, reading 2 s
seq 846: 16 lines, segmentation 13 s, reading 0 s
seq 828: 52 lines, segmentation 16 s, reading 2 s
seq 831: 50 lines, segmentation 25 s, reading 2 s
seq 821: 55 lines, segmentation 17 s, reading 2 s
744/787 pages; last 821: 55 lines
seq 817: 54 lines, segmentation 18 s, reading 3 s
748/787 pages; last 817: 54 lines
seq 839: 124 lines, segmentation 12 s, reading 3 s
seq 825: 53 lines, segmentation 18 s, reading 2 s
752/787 pages; last 825: 53 lines
Polygonizer failed on line 0: TopologyException: side location conflict at 99 1073.5. This can occur if the input geometry is invalid.
seq 854: 0 lines, segmentation 5 s, reading 0 s
seq 809: 52 lines, segmentation 23 s, reading 1 s
756/787 pages; last 809: 52 lines
seq 835: 53 lines, segmentation 18 s, reading 2 s
seq 843: 72 lines, segmentation 17 s, reading 3 s
seq 847: 102 lines, segmentation 17 s, reading 2 s
760/787 pages; last 829: 52 lines
seq 829: 52 lines, segmentation 16 s, reading 2 s
seq 855: 3 lines, segmentation 6 s, reading 0 s
seq 840: 122 lines, segmentation 12 s, reading 3 s
seq 850: 192 lines, segmentation 16 s, reading 5 s
763/787 pages; last 856: 0 lines
seq 856: 0 lines, segmentation 6 s, reading 0 s
seq 832: 51 lines, segmentation 27 s, reading 2 s
seq 844: 83 lines, segmentation 13 s, reading 3 s
seq 836: 52 lines, segmentation 18 s, reading 3 s
seq 841: 108 lines, segmentation 10 s, reading 3 s
767/787 pages; last 841: 108 lines
Polygonizer failed on line 0: TopologyException: side location conflict at 145.99935064935065 1058.9668831168831. This can occur if the input geometry is invalid.
seq 851: 167 lines, segmentation 13 s, reading 5 s
seq 848: 198 lines, segmentation 26 s, reading 4 s
seq 837: 40 lines, segmentation 13 s, reading 2 s
771/787 pages; last 837: 40 lines
seq 852: 28 lines, segmentation 6 s, reading 1 s
seq 845: 67 lines, segmentation 18 s, reading 3 s
775/787 pages; last 845: 67 lines
seq 853: 0 lines, segmentation 5 s, reading 0 s
779/787 pages; last 853: 0 lines
seq 833: 53 lines, segmentation 26 s, reading 2 s
783/787 pages; last 833: 53 lines
seq 849: 152 lines, segmentation 23 s, reading 3 s
787/787 pages; last 849: 152 lines
Stopping app - local entrypoint completed.
✓ App completed. View run at 
https://modal.com/apps/totomail-tp/main/ap-4qIWbea4Lw7aUkvVBlHESC
